// Jest Snapshot v1, https://jestjs.io/docs/snapshot-testing

exports[`Test in FirstApp FirstApp should be iqual to snapshot 1`] = `
<div>
  <p>
    0
  </p>
  <button>
    Sumar +1
  </button>
  <button>
    Restar -1
  </button>
  <button>
    Cambiar nombre
  </button>
  <div>
    <h1>
      React Memo
    </h1>
    <p>
      Si como no
    </p>
    <p>
      Jairo
    </p>
  </div>
</div>
`;

exports[`Test in FirstApp handleSum should return sum 1`] = `
<div>
  <p>
    0
  </p>
  <button>
    Sumar +1
  </button>
  <button>
    Restar -1
  </button>
  <button>
    Cambiar nombre
  </button>
  <div>
    <h1>
      React Memo
    </h1>
    <p>
      Si como no
    </p>
    <p>
      Jairo
    </p>
  </div>
</div>
`;
